// Jest Snapshot v1, https://goo.gl/fbAQLP

exports[`renders correctly enzyme 1`] = `
<Welcome
  name="Faisal Arkan"
/>
`;
